<html>
<body>
<pre>
<h1>µVision Build Log</h1>
<h2>Project:</h2>
C:\Users\Franco\Desktop\PROYECTO SD\EJEMPLO03\Ejemplo03.uvproj
Project File Date:  11/24/2020

<h2>Output:</h2>
Build target 'Target 1'
linking...
Program Size: Code=2464 RO-data=2648 RW-data=20 ZI-data=1532  
".\Ejemplo03.axf" - 0 Error(s), 0 Warning(s).
</pre>
</body>
</html>
D: variable "num2" was set but never used
        uint8_t num1, num2;
main.c(133): warning:  #177-D: variable "columna1" was declared but never referenced
        uint8_t columna1 = 0;
main.c(134): warning:  #177-D: variable "columna2" was declared but never referenced
        uint8_t columna2 = 15;
main.c(135): warning:  #177-D: variable "columna3" was declared but never referenced
        uint8_t columna3 = 30;
main.c(136): warning:  #177-D: variable "fila1" was declared but never referenced
        uint8_t fila1 = 13;
main.c(137): warning:  #177-D: variable "fila2" was declared but never referenced
        uint8_t fila2 = 28;
main.c(138): warning:  #177-D: variable "fila3" was declared but never referenced
        uint8_t fila3 = 43;
main.c(145): warning:  #177-D: variable "a" was declared but never referenced
        uint8_t a = 0;  
main.c(146): warning:  #177-D: variable "b" was declared but never referenced
        uint8_t b = 1;
main.c(147): warning:  #177-D: variable "c" was declared but never referenced
        uint8_t c = 2;
main.c(148): warning:  #177-D: variable "x" was declared but never referenced
        uint8_t x = 0;
main.c(149): warning:  #177-D: variable "y" was declared but never referenced
        uint8_t y = 1;
main.c(150): warning:  #177-D: variable "z" was declared but never referenced
        uint8_t z = 2;
main.c: 14 warnings, 0 errors
compiling BibliotecaUART.c...
linking...
Program Size: Code=2464 RO-data=2648 RW-data=20 ZI-data=1532  
".\Ejemplo03.axf" - 0 Error(s), 14 Warning(s).
es.h"
BibliotecaUART.c: 0 warnings, 1 error
".\Ejemplo03.axf" - 1 Error(s), 14 Warning(s).
Target not created
